src/app/student/review/[attemptId]/page.tsx(122,43): error TS2339: Property 'drawings' does not exist on type 'Attempt'.
